// Jest Snapshot v1, https://goo.gl/fbAQLP

exports[`Home matches snapshot 1`] = `
<RCTSafeAreaView
  emulateUnlessSupported={true}
  style={
    Object {
      "backgroundColor": "#F3F3F3",
    }
  }
>
  <RCTScrollView
    contentInsetAdjustmentBehavior="automatic"
    style={
      Object {
        "backgroundColor": "#F3F3F3",
      }
    }
  >
    <View>
      <View
        style={
          Object {
            "backgroundColor": "#FFF",
          }
        }
      >
        <View
          style={
            Object {
              "marginTop": 32,
              "paddingHorizontal": 24,
            }
          }
        >
          <Text
            style={
              Array [
                Object {
                  "fontSize": 24,
                  "fontWeight": "600",
                },
                Object {
                  "color": "#000",
                },
              ]
            }
          >
            Pokemon
          </Text>
          <Text
            style={
              Array [
                Object {
                  "fontSize": 18,
                  "fontWeight": "400",
                  "marginTop": 8,
                },
                Object {
                  "color": "#444",
                },
              ]
            }
          >
            Select your favorite 
            <Text
              style={
                Object {
                  "fontWeight": "700",
                }
              }
            >
              Pokemon 
            </Text>
            from the list below.
          </Text>
        </View>
        <View
          style={
            Object {
              "marginTop": 32,
              "paddingHorizontal": 24,
            }
          }
        >
          <Text
            style={
              Array [
                Object {
                  "fontSize": 24,
                  "fontWeight": "600",
                },
                Object {
                  "color": "#000",
                },
              ]
            }
          >
            Example
          </Text>
          <Text
            style={
              Array [
                Object {
                  "fontSize": 18,
                  "fontWeight": "400",
                  "marginTop": 8,
                },
                Object {
                  "color": "#444",
                },
              ]
            }
          >
            <View>
              <Text>
                Bulbasaur
              </Text>
              <Image
                source={
                  Object {
                    "uri": "https://raw.githubusercontent.com/PokeAPI/sprites/master/sprites/pokemon/shiny/1.png",
                  }
                }
                style={
                  Object {
                    "height": 100,
                    "width": 100,
                  }
                }
              />
            </View>
          </Text>
        </View>
      </View>
    </View>
  </RCTScrollView>
</RCTSafeAreaView>
`;
